// Jest Snapshot v1, https://goo.gl/fbAQLP

exports[`Balance Screen Renders Correctly 1`] = `
<View
  accessibilityIgnoresInvertColors={true}
  style={
    Array [
      Object {
        "alignItems": "stretch",
        "flexBasis": 0,
        "flexGrow": 1,
        "flexShrink": 1,
      },
    ]
  }
>
  <Image
    source={
      Object {
        "testUri": "../../../src/images/background-details.jpg",
      }
    }
    style={
      Array [
        Object {
          "bottom": 0,
          "left": 0,
          "position": "absolute",
          "right": 0,
          "top": 0,
        },
        Object {
          "height": undefined,
          "width": undefined,
        },
        undefined,
      ]
    }
  />
  <View>
    <View
      style={
        Array [
          Object {
            "alignItems": "center",
            "height": 300,
            "justifyContent": "flex-end",
            "marginBottom": 30,
          },
        ]
      }
    >
      <Text
        style={
          Array [
            Object {
              "color": "#fff",
              "fontSize": 50,
            },
          ]
        }
      >
        €54.00
      </Text>
      <Text
        style={
          Array [
            Object {
              "color": "#fff",
            },
          ]
        }
      >
        ACCOUNT TOTAL
      </Text>
      <Image
        source={
          Object {
            "testUri": "../../../src/images/ChildIcon-Mock.png",
          }
        }
        style={
          Array [
            Object {
              "marginTop": 30,
            },
          ]
        }
      />
    </View>
    <View
      style={
        Array [
          Object {
            "alignItems": "center",
            "flexDirection": "row",
            "justifyContent": "center",
          },
        ]
      }
    >
      <View
        accessible={true}
        isTVSelectable={true}
        onResponderGrant={[Function]}
        onResponderMove={[Function]}
        onResponderRelease={[Function]}
        onResponderTerminate={[Function]}
        onResponderTerminationRequest={[Function]}
        onStartShouldSetResponder={[Function]}
        style={
          Array [
            Object {
              "alignItems": "center",
              "backgroundColor": "#fdc52f",
              "borderColor": "transparent",
              "borderRadius": 1042,
              "borderStyle": "solid",
              "borderWidth": 1,
              "flexBasis": 0,
              "flexGrow": 0,
              "flexShrink": 1,
              "justifyContent": "center",
              "minHeight": 180,
              "minWidth": 180,
            },
          ]
        }
      >
        <View
          style={
            Array [
              Object {
                "alignItems": "center",
                "justifyContent": "center",
              },
              null,
            ]
          }
        >
          <Text
            style={
              Array [
                Object {
                  "color": "#fff",
                  "fontSize": 20,
                },
              ]
            }
          >
            €0.00
          </Text>
          <Text
            style={
              Array [
                Object {
                  "color": "#fff",
                },
              ]
            }
          >
            Spend
          </Text>
        </View>
      </View>
      <View
        accessible={true}
        isTVSelectable={true}
        onResponderGrant={[Function]}
        onResponderMove={[Function]}
        onResponderRelease={[Function]}
        onResponderTerminate={[Function]}
        onResponderTerminationRequest={[Function]}
        onStartShouldSetResponder={[Function]}
        style={
          Array [
            Object {
              "alignItems": "center",
              "backgroundColor": "#da485f",
              "borderColor": "transparent",
              "borderRadius": 1042,
              "borderStyle": "solid",
              "borderWidth": 1,
              "flexBasis": 0,
              "flexGrow": 0,
              "flexShrink": 1,
              "justifyContent": "center",
              "minHeight": 150,
              "minWidth": 150,
            },
          ]
        }
      >
        <View
          style={
            Array [
              Object {
                "alignItems": "center",
                "justifyContent": "center",
              },
              null,
            ]
          }
        >
          <Text
            style={
              Array [
                Object {
                  "color": "#fff",
                  "fontSize": 20,
                },
              ]
            }
          >
            €50.00
          </Text>
          <Text
            style={
              Array [
                Object {
                  "color": "#fff",
                },
              ]
            }
          >
            Goal
          </Text>
        </View>
      </View>
    </View>
    <View
      style={
        Array [
          Object {
            "alignItems": "center",
            "flexDirection": "row",
            "justifyContent": "center",
          },
        ]
      }
    >
      <View
        accessible={true}
        isTVSelectable={true}
        onResponderGrant={[Function]}
        onResponderMove={[Function]}
        onResponderRelease={[Function]}
        onResponderTerminate={[Function]}
        onResponderTerminationRequest={[Function]}
        onStartShouldSetResponder={[Function]}
        style={
          Array [
            Object {
              "alignItems": "center",
              "backgroundColor": "#b0b0b0",
              "borderColor": "gray",
              "borderRadius": 1042,
              "borderStyle": "dashed",
              "borderWidth": 4,
              "flexBasis": 0,
              "flexGrow": 0,
              "flexShrink": 1,
              "justifyContent": "center",
              "minHeight": 100,
              "minWidth": 100,
            },
          ]
        }
      >
        <View
          style={
            Array [
              Object {
                "alignItems": "center",
                "justifyContent": "center",
              },
              null,
            ]
          }
        >
          <Text
            style={
              Array [
                Object {
                  "color": "#fff",
                  "fontSize": 20,
                },
              ]
            }
          >
            €0.00
          </Text>
          <Text
            style={
              Array [
                Object {
                  "color": "#fff",
                },
              ]
            }
          >
            Give
          </Text>
        </View>
      </View>
      <View
        accessible={true}
        isTVSelectable={true}
        onResponderGrant={[Function]}
        onResponderMove={[Function]}
        onResponderRelease={[Function]}
        onResponderTerminate={[Function]}
        onResponderTerminationRequest={[Function]}
        onStartShouldSetResponder={[Function]}
        style={
          Array [
            Object {
              "alignItems": "center",
              "backgroundColor": "#b0b0b0",
              "borderColor": "gray",
              "borderRadius": 1042,
              "borderStyle": "dashed",
              "borderWidth": 4,
              "flexBasis": 0,
              "flexGrow": 0,
              "flexShrink": 1,
              "justifyContent": "center",
              "minHeight": 100,
              "minWidth": 100,
            },
          ]
        }
      >
        <View
          style={
            Array [
              Object {
                "alignItems": "center",
                "justifyContent": "center",
              },
              null,
            ]
          }
        >
          <Text
            style={
              Array [
                Object {
                  "color": "#fff",
                  "fontSize": 20,
                },
              ]
            }
          >
            €4.00
          </Text>
          <Text
            style={
              Array [
                Object {
                  "color": "#fff",
                },
              ]
            }
          >
            Save
          </Text>
        </View>
      </View>
    </View>
  </View>
</View>
`;
